﻿≡ƒÜÇ Starting 10-second Context-Aware 3D Displacement Test...
≡ƒÄÖ∩╕Å Starting Audio Generation for 1 scenes...
   Γ£à Scene 1: 3.94s generated.
   ≡ƒÄ¿ Generating Image and Depth Map (Dual Call)...
   ≡ƒñù Scene 1: Requesting realistic FLUX.1-schnell...
   ΓÜá∩╕Å Scene 1: black-forest-labs/FLUX.1-schnell error 402
   ≡ƒñù Scene 1: Requesting realistic FLUX.1-dev...
   ΓÜá∩╕Å Scene 1: black-forest-labs/FLUX.1-dev error 410
   ≡ƒñù Scene 1: Requesting realistic stable-diffusion-3.5-large...
   ΓÜá∩╕Å Scene 1: stabilityai/stable-diffusion-3.5-large error 402
   ΓÅ│ Gemini rate-limited. Skipping to next...
   ΓÅ│ Gemini rate-limited. Skipping to next...
   ≡ƒÄ¿ Scene 1: Unique scene art (rays / mysterious)
   ≡ƒÆ╛ Scene 1: Using cached valid depth map.
   ≡ƒº╣ Cleaning up old video assets...
   ≡ƒÄ¼ Rendering final 3D scene (Edge Smear Parallax + Drawtext Dynamic Captions)...

≡ƒÄ¼ Rendering all scenes...

   ΓÜÖ∩╕Å  Building Scene 1 (duration: 10.0s)...
      - Rendering 3D: scene_1.png
      Γ¥î FFmpeg Subprocess Error (code 4294967274):
adowy=4:x=(w-tw)/2:y=h-th-200'
[AVFilterGraph @ 0000017b7ee180c0] Error parsing a filter description around: [out]
[AVFilterGraph @ 0000017b7ee180c0] Error parsing filterchain '[base][depth][vertical]displace=edge=smear,drawtext=fontfile='C\\:/Windows/Fonts/arialbd.ttf':text='Lord Krishna eating white cream in a lush ancient forest':fontcolor=white:fontsize=52:borderw=3:bordercolor=black:shadowcolor=black@0.8:shadowx=4:shadowy=4:x=(w-tw)/2:y=h-th-200[out]' around: [out]
Error : Invalid argument

   Γ¥î Scene 1: Skipped (image-to-clip failed).

Γ¥î Failed to render scene.
